{
    "opal - with filtering and normalization": {
        "content": [
            {
                "0": [
                    
                ],
                "1": [
                    
                ],
                "results": [
                    
                ],
                "versions": [
                    
                ]
            }
        ],
        "meta": {
            "nf-test": "0.9.2",
            "nextflow": "25.04.7"
        },
        "timestamp": "2025-10-08T17:48:25.955507"
    },
    "opal - single prediction - realistic": {
        "content": [
            {
                "0": [
                    [
                        {
                            "id": "test_single"
                        },
                        [
                            [
                                "class.tsv:md5,4d82d19b76ed75befc55ef232358e74f",
                                "family.tsv:md5,93e911df55df08a42b9c53e403891525",
                                "genus.tsv:md5,3643df62c2f9280a8b22c40b9b28c77a",
                                "order.tsv:md5,f53749a7c902554f9acaeee2fa5c0ab3",
                                "phylum.tsv:md5,b8b2aa67ce98c6b61f469a2678e180d4",
                                "species.tsv:md5,376b34f4cd5b089439c452743264d7f8",
                                "strain.tsv:md5,030aa0d8cd51533abd3329b555daf80b",
                                "superkingdom.tsv:md5,967ffa53a6766d32108075e6d205c193"
                            ],
                            [
                                [
                                    "purity_completeness_per_rank.pdf:md5,2556a2a151de6a28d70a47d02dc5f7f9",
                                    "purity_completeness_per_rank.png:md5,8b93db043d71ee287ab441bab98ecb69"
                                ],
                                "prediction_realistic1.tsv:md5,7d9a0cf53e4a1f09ab20f731734b32e2"
                            ],
                            "confusion.tsv:md5,9400a8631aca19528230f80a36f8ac09",
                            [
                                "rarefaction_curves.pdf:md5,b6be0fe7172e6d8906f11c3a1f193424",
                                "rarefaction_curves.png:md5,7de42c7576cfd56521c68d2c11f9b0f6",
                                "rarefaction_curves_log_scale.pdf:md5,764a4db85a911a8b3f47e6543c2f7113",
                                "rarefaction_curves_log_scale.png:md5,a5b41eb7e29e2e04a77a5428654e85f4"
                            ],
                            "heatmap_bar.png:md5,113155c9314c551df67812d0abefae8b",
                            "log.txt:md5,6c9785f6c509837f510634dbc2222e65",
                            "plot_shannon.pdf:md5,d2b90e7875d5e5aa1d9f9f550549ee15",
                            "plot_shannon.png:md5,914ef07bfe52ab0ce6f2c947c548fab3",
                            "plot_shannon_diff.pdf:md5,38bb768bb04624e40f41324a5ace50da",
                            "plot_shannon_diff.png:md5,4ca6d63372652b06a958e9c1031ea50d",
                            "results.html:md5,60b1d15ca855ce18117355fd761284b0",
                            "results.tsv:md5,ae1860e31843182f57f94f60d517a439"
                        ]
                    ]
                ],
                "1": [
                    "versions.yml:md5,b7ab293758781d9d833e7fc4241e6cc8"
                ],
                "results": [
                    [
                        {
                            "id": "test_single"
                        },
                        [
                            [
                                "class.tsv:md5,4d82d19b76ed75befc55ef232358e74f",
                                "family.tsv:md5,93e911df55df08a42b9c53e403891525",
                                "genus.tsv:md5,3643df62c2f9280a8b22c40b9b28c77a",
                                "order.tsv:md5,f53749a7c902554f9acaeee2fa5c0ab3",
                                "phylum.tsv:md5,b8b2aa67ce98c6b61f469a2678e180d4",
                                "species.tsv:md5,376b34f4cd5b089439c452743264d7f8",
                                "strain.tsv:md5,030aa0d8cd51533abd3329b555daf80b",
                                "superkingdom.tsv:md5,967ffa53a6766d32108075e6d205c193"
                            ],
                            [
                                [
                                    "purity_completeness_per_rank.pdf:md5,2556a2a151de6a28d70a47d02dc5f7f9",
                                    "purity_completeness_per_rank.png:md5,8b93db043d71ee287ab441bab98ecb69"
                                ],
                                "prediction_realistic1.tsv:md5,7d9a0cf53e4a1f09ab20f731734b32e2"
                            ],
                            "confusion.tsv:md5,9400a8631aca19528230f80a36f8ac09",
                            [
                                "rarefaction_curves.pdf:md5,b6be0fe7172e6d8906f11c3a1f193424",
                                "rarefaction_curves.png:md5,7de42c7576cfd56521c68d2c11f9b0f6",
                                "rarefaction_curves_log_scale.pdf:md5,764a4db85a911a8b3f47e6543c2f7113",
                                "rarefaction_curves_log_scale.png:md5,a5b41eb7e29e2e04a77a5428654e85f4"
                            ],
                            "heatmap_bar.png:md5,113155c9314c551df67812d0abefae8b",
                            "log.txt:md5,6c9785f6c509837f510634dbc2222e65",
                            "plot_shannon.pdf:md5,d2b90e7875d5e5aa1d9f9f550549ee15",
                            "plot_shannon.png:md5,914ef07bfe52ab0ce6f2c947c548fab3",
                            "plot_shannon_diff.pdf:md5,38bb768bb04624e40f41324a5ace50da",
                            "plot_shannon_diff.png:md5,4ca6d63372652b06a958e9c1031ea50d",
                            "results.html:md5,60b1d15ca855ce18117355fd761284b0",
                            "results.tsv:md5,ae1860e31843182f57f94f60d517a439"
                        ]
                    ]
                ],
                "versions": [
                    "versions.yml:md5,b7ab293758781d9d833e7fc4241e6cc8"
                ]
            }
        ],
        "meta": {
            "nf-test": "0.9.2",
            "nextflow": "25.04.7"
        },
        "timestamp": "2025-10-13T08:10:42.303587"
    },
    "opal - stub": {
        "content": [
            {
                "0": [
                    [
                        {
                            "id": "test_stub"
                        },
                        [
                            "metrics.txt:md5,d41d8cd98f00b204e9800998ecf8427e",
                            "results.html:md5,d41d8cd98f00b204e9800998ecf8427e"
                        ]
                    ]
                ],
                "1": [
                    "versions.yml:md5,948257906b92a1916db6672abb53b277"
                ],
                "results": [
                    [
                        {
                            "id": "test_stub"
                        },
                        [
                            "metrics.txt:md5,d41d8cd98f00b204e9800998ecf8427e",
                            "results.html:md5,d41d8cd98f00b204e9800998ecf8427e"
                        ]
                    ]
                ],
                "versions": [
                    "versions.yml:md5,948257906b92a1916db6672abb53b277"
                ]
            }
        ],
        "meta": {
            "nf-test": "0.9.2",
            "nextflow": "25.04.7"
        },
        "timestamp": "2025-10-08T17:48:29.158027"
    },
    "opal - multiple predictions - realistic": {
        "content": [
            {
                "0": [
                    [
                        {
                            "id": "test_multi",
                            "labels": "Classifier1,Classifier2"
                        },
                        [
                            [
                                "class.tsv:md5,25819567c37c1164d4430411fdee2304",
                                "family.tsv:md5,f339c72a7c1465c2fb6db62c25b9c08e",
                                "genus.tsv:md5,ea049c1a7708bcf3586858ca9bcc0185",
                                "order.tsv:md5,4af4d4eaa35181bf5fd2d1cd7727f54b",
                                "phylum.tsv:md5,81a6c8648e0620b603030a26de52f755",
                                "species.tsv:md5,40366f6ceb47b7ad5fa3e13b15aeb605",
                                "strain.tsv:md5,94a3b6aa5497936645fb632d6448df8f",
                                "superkingdom.tsv:md5,668b556724882d147e2c0adad5700ad8"
                            ],
                            [
                                [
                                    "purity_completeness_per_rank.pdf:md5,28029b9ba5f84bd081522b79d0368abf",
                                    "purity_completeness_per_rank.png:md5,aa39b42b0953e67976d627451d4e8d49"
                                ],
                                "Classifier1.tsv:md5,61d4308db68319248a283be60746dac2",
                                [
                                    "purity_completeness_per_rank.pdf:md5,19656cc177ff69672ea84b70a69aadc6",
                                    "purity_completeness_per_rank.png:md5,df5991f2e2244ecc0cd2b2baceb5d5f5"
                                ],
                                "Classifier2.tsv:md5,7df1f01049d86838532cd09f0b681493"
                            ],
                            "confusion.tsv:md5,9c446648db0fa68febfb6bfffc9128e8",
                            [
                                "rarefaction_curves.pdf:md5,11f176243d6f2b47aa126f20e8b21384",
                                "rarefaction_curves.png:md5,7de42c7576cfd56521c68d2c11f9b0f6",
                                "rarefaction_curves_log_scale.pdf:md5,3875c55b787d0efa889e1d4a0a1729ec",
                                "rarefaction_curves_log_scale.png:md5,a5b41eb7e29e2e04a77a5428654e85f4"
                            ],
                            "heatmap_bar.png:md5,113155c9314c551df67812d0abefae8b",
                            "log.txt:md5,7b82e8ae914d059e33dd0cddeb586e3f",
                            "plot_shannon.pdf:md5,4d5bc298e0bf80a52020c6e0aac41fcb",
                            "plot_shannon.png:md5,fc9bac89968d552ae5f5c96f76238e61",
                            "plot_shannon_diff.pdf:md5,cb06fa9bc9877897c67c07f72e8dc8a7",
                            "plot_shannon_diff.png:md5,8d856559d4449031a856f0ce9f87d053",
                            "results.html:md5,5ef22ca5f65a82d08601f8b0dd48e8cd",
                            "results.tsv:md5,d9ad0bace3485028a125e6d241c5e079"
                        ]
                    ]
                ],
                "1": [
                    "versions.yml:md5,1d6e443c2ba4281dac29ace85242f60a"
                ],
                "results": [
                    [
                        {
                            "id": "test_multi",
                            "labels": "Classifier1,Classifier2"
                        },
                        [
                            [
                                "class.tsv:md5,25819567c37c1164d4430411fdee2304",
                                "family.tsv:md5,f339c72a7c1465c2fb6db62c25b9c08e",
                                "genus.tsv:md5,ea049c1a7708bcf3586858ca9bcc0185",
                                "order.tsv:md5,4af4d4eaa35181bf5fd2d1cd7727f54b",
                                "phylum.tsv:md5,81a6c8648e0620b603030a26de52f755",
                                "species.tsv:md5,40366f6ceb47b7ad5fa3e13b15aeb605",
                                "strain.tsv:md5,94a3b6aa5497936645fb632d6448df8f",
                                "superkingdom.tsv:md5,668b556724882d147e2c0adad5700ad8"
                            ],
                            [
                                [
                                    "purity_completeness_per_rank.pdf:md5,28029b9ba5f84bd081522b79d0368abf",
                                    "purity_completeness_per_rank.png:md5,aa39b42b0953e67976d627451d4e8d49"
                                ],
                                "Classifier1.tsv:md5,61d4308db68319248a283be60746dac2",
                                [
                                    "purity_completeness_per_rank.pdf:md5,19656cc177ff69672ea84b70a69aadc6",
                                    "purity_completeness_per_rank.png:md5,df5991f2e2244ecc0cd2b2baceb5d5f5"
                                ],
                                "Classifier2.tsv:md5,7df1f01049d86838532cd09f0b681493"
                            ],
                            "confusion.tsv:md5,9c446648db0fa68febfb6bfffc9128e8",
                            [
                                "rarefaction_curves.pdf:md5,11f176243d6f2b47aa126f20e8b21384",
                                "rarefaction_curves.png:md5,7de42c7576cfd56521c68d2c11f9b0f6",
                                "rarefaction_curves_log_scale.pdf:md5,3875c55b787d0efa889e1d4a0a1729ec",
                                "rarefaction_curves_log_scale.png:md5,a5b41eb7e29e2e04a77a5428654e85f4"
                            ],
                            "heatmap_bar.png:md5,113155c9314c551df67812d0abefae8b",
                            "log.txt:md5,7b82e8ae914d059e33dd0cddeb586e3f",
                            "plot_shannon.pdf:md5,4d5bc298e0bf80a52020c6e0aac41fcb",
                            "plot_shannon.png:md5,fc9bac89968d552ae5f5c96f76238e61",
                            "plot_shannon_diff.pdf:md5,cb06fa9bc9877897c67c07f72e8dc8a7",
                            "plot_shannon_diff.png:md5,8d856559d4449031a856f0ce9f87d053",
                            "results.html:md5,5ef22ca5f65a82d08601f8b0dd48e8cd",
                            "results.tsv:md5,d9ad0bace3485028a125e6d241c5e079"
                        ]
                    ]
                ],
                "versions": [
                    "versions.yml:md5,1d6e443c2ba4281dac29ace85242f60a"
                ]
            }
        ],
        "meta": {
            "nf-test": "0.9.2",
            "nextflow": "25.04.7"
        },
        "timestamp": "2025-10-13T08:10:53.645816"
    },
    "opal - multiple predictions": {
        "content": [
            {
                "0": [
                    
                ],
                "1": [
                    
                ],
                "results": [
                    
                ],
                "versions": [
                    
                ]
            }
        ],
        "meta": {
            "nf-test": "0.9.2",
            "nextflow": "25.04.7"
        },
        "timestamp": "2025-10-08T17:48:21.253518"
    },
    "opal - with filtering and normalization - realistic": {
        "content": [
            {
                "0": [
                    [
                        {
                            "id": "test_filtered",
                            "filter": 0.01,
                            "normalize": true,
                            "rank": "species"
                        },
                        [
                            [
                                "class.tsv:md5,be975faad7d228b940b71471c2de4753",
                                "family.tsv:md5,286f8bbf9184a5d7f4175d138cf83e0f",
                                "genus.tsv:md5,c1cc43fd1c7f3e0c9dcccec2ce2fce4b",
                                "order.tsv:md5,ae7175bc2e35d8ca1255acadd73b5583",
                                "phylum.tsv:md5,988f2674c37fd1c0acaef63a459bc257",
                                "species.tsv:md5,77c39f771f31abeb3b98e76f7198c53d",
                                "strain.tsv:md5,7cb91bf3e4243846b4104b4a625735f6",
                                "superkingdom.tsv:md5,7b4d082738ff448bf8148c66a6a5d908"
                            ],
                            [
                                [
                                    "purity_completeness_per_rank.pdf:md5,bf9dd2d4244f41c8b39377f5d627ece6",
                                    "purity_completeness_per_rank.png:md5,2c668f6316114ca372744faba94936ee"
                                ],
                                "prediction_realistic1.tsv:md5,19321709112c57e180a2afa0c0701fc5"
                            ],
                            "confusion.tsv:md5,64951b56bf88d61448fb4d32dc0d97cd",
                            [
                                "rarefaction_curves.pdf:md5,3b6c70ebfe20f6412b97dff7259b1a16",
                                "rarefaction_curves.png:md5,7de42c7576cfd56521c68d2c11f9b0f6",
                                "rarefaction_curves_log_scale.pdf:md5,a99dce5ff8efb4cbd8cd0d9e5475bdb7",
                                "rarefaction_curves_log_scale.png:md5,a5b41eb7e29e2e04a77a5428654e85f4"
                            ],
                            "heatmap_bar.png:md5,113155c9314c551df67812d0abefae8b",
                            "log.txt:md5,dc7137901744915ae17b19abfdfd020a",
                            "plot_shannon.pdf:md5,a44c1c850fe8bc8a871922ea7507efdf",
                            "plot_shannon.png:md5,f632038298d4877c2d3f81dbaeec659d",
                            "plot_shannon_diff.pdf:md5,8d5d7e173b79d2c5718b2dc4d602c174",
                            "plot_shannon_diff.png:md5,710464858a98e8479ea775e15ffa0e40",
                            "results.html:md5,bb2b312500647d92b6910155f9b2bcba",
                            "results.tsv:md5,7682358791dbf4d0e7a97853f0f1754b"
                        ]
                    ]
                ],
                "1": [
                    "versions.yml:md5,b8adf07b2281efddaf31391ea0ba975b"
                ],
                "results": [
                    [
                        {
                            "id": "test_filtered",
                            "filter": 0.01,
                            "normalize": true,
                            "rank": "species"
                        },
                        [
                            [
                                "class.tsv:md5,be975faad7d228b940b71471c2de4753",
                                "family.tsv:md5,286f8bbf9184a5d7f4175d138cf83e0f",
                                "genus.tsv:md5,c1cc43fd1c7f3e0c9dcccec2ce2fce4b",
                                "order.tsv:md5,ae7175bc2e35d8ca1255acadd73b5583",
                                "phylum.tsv:md5,988f2674c37fd1c0acaef63a459bc257",
                                "species.tsv:md5,77c39f771f31abeb3b98e76f7198c53d",
                                "strain.tsv:md5,7cb91bf3e4243846b4104b4a625735f6",
                                "superkingdom.tsv:md5,7b4d082738ff448bf8148c66a6a5d908"
                            ],
                            [
                                [
                                    "purity_completeness_per_rank.pdf:md5,bf9dd2d4244f41c8b39377f5d627ece6",
                                    "purity_completeness_per_rank.png:md5,2c668f6316114ca372744faba94936ee"
                                ],
                                "prediction_realistic1.tsv:md5,19321709112c57e180a2afa0c0701fc5"
                            ],
                            "confusion.tsv:md5,64951b56bf88d61448fb4d32dc0d97cd",
                            [
                                "rarefaction_curves.pdf:md5,3b6c70ebfe20f6412b97dff7259b1a16",
                                "rarefaction_curves.png:md5,7de42c7576cfd56521c68d2c11f9b0f6",
                                "rarefaction_curves_log_scale.pdf:md5,a99dce5ff8efb4cbd8cd0d9e5475bdb7",
                                "rarefaction_curves_log_scale.png:md5,a5b41eb7e29e2e04a77a5428654e85f4"
                            ],
                            "heatmap_bar.png:md5,113155c9314c551df67812d0abefae8b",
                            "log.txt:md5,dc7137901744915ae17b19abfdfd020a",
                            "plot_shannon.pdf:md5,a44c1c850fe8bc8a871922ea7507efdf",
                            "plot_shannon.png:md5,f632038298d4877c2d3f81dbaeec659d",
                            "plot_shannon_diff.pdf:md5,8d5d7e173b79d2c5718b2dc4d602c174",
                            "plot_shannon_diff.png:md5,710464858a98e8479ea775e15ffa0e40",
                            "results.html:md5,bb2b312500647d92b6910155f9b2bcba",
                            "results.tsv:md5,7682358791dbf4d0e7a97853f0f1754b"
                        ]
                    ]
                ],
                "versions": [
                    "versions.yml:md5,b8adf07b2281efddaf31391ea0ba975b"
                ]
            }
        ],
        "meta": {
            "nf-test": "0.9.2",
            "nextflow": "25.04.7"
        },
        "timestamp": "2025-10-13T08:11:04.83467"
    },
    "opal - single prediction": {
        "content": [
            {
                "0": [
                    
                ],
                "1": [
                    
                ],
                "results": [
                    
                ],
                "versions": [
                    
                ]
            }
        ],
        "meta": {
            "nf-test": "0.9.2",
            "nextflow": "25.04.7"
        },
        "timestamp": "2025-10-08T17:48:16.233538"
    }
}