{
    "-profile test_realistic with multi-classifier realistic data": {
        "content": [
            6,
            {
                "COMPARATIVE_ANALYSIS": {
                    "python": "3.11.14",
                    "comparative_analysis": "1.1.0"
                },
                "OPAL_PER_SAMPLE": {
                    "opal": "opal.py 1.0.13"
                },
                "TAXPASTA_TO_BIOBOXES": {
                    "python": "3.11.14",
                    "taxpasta_to_bioboxes": "1.0.0"
                },
                "Workflow": {
                    "FOI-Bioinformatics/taxbencher": "v1.1.1dev"
                }
            },
            [
                "comparative_analysis",
                "comparative_analysis/test1_comparison.html",
                "comparative_analysis/test1_diff_taxa.tsv",
                "comparative_analysis/test1_pca.html",
                "multiqc",
                "multiqc/multiqc_data",
                "multiqc/multiqc_data/BETA-multiqc.parquet",
                "multiqc/multiqc_data/multiqc.log",
                "multiqc/multiqc_data/multiqc_citations.txt",
                "multiqc/multiqc_data/multiqc_data.json",
                "multiqc/multiqc_data/multiqc_software_versions.txt",
                "multiqc/multiqc_data/multiqc_sources.txt",
                "multiqc/multiqc_report.html",
                "opal",
                "opal/test1",
                "opal/test1/by_rank",
                "opal/test1/by_rank/class.tsv",
                "opal/test1/by_rank/family.tsv",
                "opal/test1/by_rank/genus.tsv",
                "opal/test1/by_rank/order.tsv",
                "opal/test1/by_rank/phylum.tsv",
                "opal/test1/by_rank/species.tsv",
                "opal/test1/by_rank/strain.tsv",
                "opal/test1/by_rank/superkingdom.tsv",
                "opal/test1/by_tool",
                "opal/test1/by_tool/test1_centrifuge",
                "opal/test1/by_tool/test1_centrifuge.tsv",
                "opal/test1/by_tool/test1_centrifuge/purity_completeness_per_rank.pdf",
                "opal/test1/by_tool/test1_centrifuge/purity_completeness_per_rank.png",
                "opal/test1/by_tool/test1_kraken2",
                "opal/test1/by_tool/test1_kraken2.tsv",
                "opal/test1/by_tool/test1_kraken2/purity_completeness_per_rank.pdf",
                "opal/test1/by_tool/test1_kraken2/purity_completeness_per_rank.png",
                "opal/test1/by_tool/test1_metaphlan",
                "opal/test1/by_tool/test1_metaphlan.tsv",
                "opal/test1/by_tool/test1_metaphlan/purity_completeness_per_rank.pdf",
                "opal/test1/by_tool/test1_metaphlan/purity_completeness_per_rank.png",
                "opal/test1/confusion.tsv",
                "opal/test1/gold_standard",
                "opal/test1/gold_standard/rarefaction_curves.pdf",
                "opal/test1/gold_standard/rarefaction_curves.png",
                "opal/test1/gold_standard/rarefaction_curves_log_scale.pdf",
                "opal/test1/gold_standard/rarefaction_curves_log_scale.png",
                "opal/test1/heatmap_bar.png",
                "opal/test1/log.txt",
                "opal/test1/plot_shannon.pdf",
                "opal/test1/plot_shannon.png",
                "opal/test1/plot_shannon_diff.pdf",
                "opal/test1/plot_shannon_diff.png",
                "opal/test1/results.html",
                "opal/test1/results.tsv",
                "opal/test1/spider_plot_absolute.pdf",
                "opal/test1/spider_plot_absolute.png",
                "opal/test1/spider_plot_relative.pdf",
                "opal/test1/spider_plot_relative.png",
                "pipeline_info",
                "pipeline_info/taxbencher_software_mqc_versions.yml",
                "taxpasta_to_bioboxes",
                "taxpasta_to_bioboxes/test1_centrifuge.bioboxes",
                "taxpasta_to_bioboxes/test1_kraken2.bioboxes",
                "taxpasta_to_bioboxes/test1_metaphlan.bioboxes"
            ],
            [
                "test1_comparison.html:md5,bcac0c8de8b95cd94c0c73f6793b9629",
                "test1_diff_taxa.tsv:md5,435602fec94387d42c398d12435b823c",
                "test1_pca.html:md5,a8f98f03ab513349c352f8c2484770d3",
                "multiqc_citations.txt:md5,4c806e63a283ec1b7e78cdae3a923d4f",
                "class.tsv:md5,f192f6a4df0d797bb8149a26a11afa1c",
                "family.tsv:md5,30a73d7459162b6ce835f2fa05e1ed7e",
                "genus.tsv:md5,2a786481ccca7d37f2c56c3c46d4ac05",
                "order.tsv:md5,d4c0b608495d148ca81602f98388d4cc",
                "phylum.tsv:md5,53b1b489837e71b986c5e59fdbbfab6b",
                "species.tsv:md5,63ad63cc05ce8bfd0dd1faaa5549f353",
                "strain.tsv:md5,b8ee6f57d9458bde01c3b02b8265234e",
                "superkingdom.tsv:md5,ff5bcc82c5393e363a6714b0edef02fd",
                "test1_centrifuge.tsv:md5,27b6feaa2df6d7d3cab00f086e71b1a6",
                "purity_completeness_per_rank.pdf:md5,fedc79f4b4bf45aad39ca2d441e13d30",
                "purity_completeness_per_rank.png:md5,03a282697dfbb3f4fee5cf418649ecb8",
                "test1_kraken2.tsv:md5,f436e0734499b863bdee40538ca8e1be",
                "purity_completeness_per_rank.pdf:md5,57baf15b0e9bc74f2f90f53c7d2b6e07",
                "purity_completeness_per_rank.png:md5,92b965b12504740e5fc318f8c75954f7",
                "test1_metaphlan.tsv:md5,da9c534d6880d8767aa334b582fe054d",
                "purity_completeness_per_rank.pdf:md5,28489729196226b09fb4d05f116c3e04",
                "purity_completeness_per_rank.png:md5,eba97aee93344a83065c2a7a2be77972",
                "confusion.tsv:md5,25af8db32058ecd9208bb8e1566eac4d",
                "rarefaction_curves.pdf:md5,5f0bcea9d6d4a20f545aa6fa05bd3f0c",
                "rarefaction_curves.png:md5,982ac89f2bda9c745ac9f5b90b544b75",
                "rarefaction_curves_log_scale.pdf:md5,25462da4e7abeb13039c764c512cc681",
                "rarefaction_curves_log_scale.png:md5,e61ad42be360587d014f87e83aa99266",
                "heatmap_bar.png:md5,137de6b43c328ace17a76ef3ac8d5fa6",
                "log.txt:md5,c96a9b9dc56e3e5c9fb5b58ecf3005f1",
                "plot_shannon.pdf:md5,4c3ffa3abbf45344a3369b91e560075a",
                "plot_shannon.png:md5,3795ae30d5c970ba946375a7d18a54da",
                "plot_shannon_diff.pdf:md5,3ba25c092fa8561631d69f5dab6f0524",
                "plot_shannon_diff.png:md5,a8c7b6fe3fa843a9bb685e7a14389540",
                "results.html:md5,8842f8b7af581b5e2a55aa44218b9e89",
                "results.tsv:md5,d3d7a617f6a52c7462302b4d85eeb123",
                "spider_plot_absolute.pdf:md5,1d5014534ad625a651206453c65294bf",
                "spider_plot_absolute.png:md5,76dc3da07cbd9b6c68a11970b824a304",
                "spider_plot_relative.pdf:md5,033765d724a817c26cdb58ab9152dbcb",
                "spider_plot_relative.png:md5,a5a168c32d51569d118022442c63c0ce",
                "test1_centrifuge.bioboxes:md5,bb7863183f67e744419084b36539a062",
                "test1_kraken2.bioboxes:md5,606f895b951b8387a2bde166c5079e51",
                "test1_metaphlan.bioboxes:md5,49bea8c5077cbb186964a379263a395a"
            ]
        ],
        "meta": {
            "nf-test": "0.9.3",
            "nextflow": "25.10.0"
        },
        "timestamp": "2025-11-04T00:18:56.705946"
    },
    "-profile test": {
        "content": [
            0,
            {
                "Workflow": {
                    "FOI-Bioinformatics/taxbencher": "v1.0.0"
                }
            },
            [
                "pipeline_info",
                "pipeline_info/taxbencher_software_mqc_versions.yml"
            ],
            [
                
            ]
        ],
        "meta": {
            "nf-test": "0.9.2",
            "nextflow": "25.04.7"
        },
        "timestamp": "2025-10-10T08:38:27.027127"
    },
    "-profile test_raw with raw profiler inputs": {
        "content": [
            3,
            {
                "TAXPASTA_STANDARDISE": {
                    "taxpasta": "0.7.0"
                },
                "Workflow": {
                    "FOI-Bioinformatics/taxbencher": "v1.0.0"
                }
            },
            [
                "pipeline_info",
                "pipeline_info/taxbencher_software_mqc_versions.yml"
            ],
            [
                
            ]
        ],
        "meta": {
            "nf-test": "0.9.2",
            "nextflow": "25.04.7"
        },
        "timestamp": "2025-10-10T08:38:40.246773"
    }
}