{
    "-profile test_realistic with multi-classifier realistic data": {
        "content": [
            3,
            {
                "TAXPASTA_TO_BIOBOXES": {
                    "python": "3.14.0",
                    "pandas": "2.3.3",
                    "ete3": "not installed",
                    "taxpasta_to_bioboxes": "1.0.0"
                },
                "Workflow": {
                    "FOI-Bioinformatics/taxbencher": "v1.1.1dev"
                }
            },
            [
                "pipeline_info",
                "pipeline_info/taxbencher_software_mqc_versions.yml",
                "taxpasta_to_bioboxes",
                "taxpasta_to_bioboxes/test1_centrifuge.bioboxes",
                "taxpasta_to_bioboxes/test1_kraken2.bioboxes",
                "taxpasta_to_bioboxes/test1_metaphlan.bioboxes"
            ],
            [
                "test1_centrifuge.bioboxes:md5,40308fbed4199ebd200d026f818a0a1d",
                "test1_kraken2.bioboxes:md5,40308fbed4199ebd200d026f818a0a1d",
                "test1_metaphlan.bioboxes:md5,40308fbed4199ebd200d026f818a0a1d"
            ]
        ],
        "meta": {
            "nf-test": "0.9.3",
            "nextflow": "25.10.1"
        },
        "timestamp": "2025-11-29T19:58:20.803772"
    },
    "-profile test": {
        "content": [
            3,
            {
                "TAXPASTA_TO_BIOBOXES": {
                    "python": "3.14.0",
                    "pandas": "2.3.3",
                    "ete3": "not installed",
                    "taxpasta_to_bioboxes": "1.0.0"
                },
                "Workflow": {
                    "FOI-Bioinformatics/taxbencher": "v1.1.1dev"
                }
            },
            [
                "pipeline_info",
                "pipeline_info/taxbencher_software_mqc_versions.yml",
                "taxpasta_to_bioboxes",
                "taxpasta_to_bioboxes/test_sample_centrifuge.bioboxes",
                "taxpasta_to_bioboxes/test_sample_kraken2.bioboxes",
                "taxpasta_to_bioboxes/test_sample_metaphlan.bioboxes"
            ],
            [
                "test_sample_centrifuge.bioboxes:md5,a4e7d6690c8fad5c6be44195c4bd5976",
                "test_sample_kraken2.bioboxes:md5,a4e7d6690c8fad5c6be44195c4bd5976",
                "test_sample_metaphlan.bioboxes:md5,a4e7d6690c8fad5c6be44195c4bd5976"
            ]
        ],
        "meta": {
            "nf-test": "0.9.3",
            "nextflow": "25.10.1"
        },
        "timestamp": "2025-11-29T19:57:46.815899"
    },
    "-profile test_raw with raw profiler inputs": {
        "content": [
            6,
            {
                "TAXPASTA_STANDARDISE": {
                    "taxpasta": "0.7.0"
                },
                "TAXPASTA_TO_BIOBOXES": {
                    "python": "3.14.0",
                    "pandas": "2.3.3",
                    "ete3": "not installed",
                    "taxpasta_to_bioboxes": "1.0.0"
                },
                "Workflow": {
                    "FOI-Bioinformatics/taxbencher": "v1.1.1dev"
                }
            },
            [
                "pipeline_info",
                "pipeline_info/taxbencher_software_mqc_versions.yml",
                "taxpasta_to_bioboxes",
                "taxpasta_to_bioboxes/test_sample_centrifuge.bioboxes",
                "taxpasta_to_bioboxes/test_sample_kraken2.bioboxes",
                "taxpasta_to_bioboxes/test_sample_metaphlan.bioboxes"
            ],
            [
                "test_sample_centrifuge.bioboxes:md5,a4e7d6690c8fad5c6be44195c4bd5976",
                "test_sample_kraken2.bioboxes:md5,a4e7d6690c8fad5c6be44195c4bd5976",
                "test_sample_metaphlan.bioboxes:md5,a4e7d6690c8fad5c6be44195c4bd5976"
            ]
        ],
        "meta": {
            "nf-test": "0.9.3",
            "nextflow": "25.10.1"
        },
        "timestamp": "2025-11-29T19:58:08.29779"
    }
}