{
    "opal_per_sample - stub": {
        "content": [
            {
                "0": [
                    [
                        {
                            "id": "sample1"
                        },
                        [
                            "metrics.txt:md5,d41d8cd98f00b204e9800998ecf8427e",
                            "results.html:md5,d41d8cd98f00b204e9800998ecf8427e"
                        ]
                    ]
                ],
                "1": [
                    "versions.yml:md5,50e13ec37a6db04f15cee57ef1648cbe"
                ],
                "results": [
                    [
                        {
                            "id": "sample1"
                        },
                        [
                            "metrics.txt:md5,d41d8cd98f00b204e9800998ecf8427e",
                            "results.html:md5,d41d8cd98f00b204e9800998ecf8427e"
                        ]
                    ]
                ],
                "versions": [
                    "versions.yml:md5,50e13ec37a6db04f15cee57ef1648cbe"
                ]
            }
        ],
        "meta": {
            "nf-test": "0.9.3",
            "nextflow": "25.04.7"
        },
        "timestamp": "2025-11-03T23:16:28.243887"
    }
}