{
    "taxpasta to bioboxes - custom parameters": {
        "content": [
            {
                "0": [
                    [
                        {
                            "id": "test_sample_custom",
                            "sample_id": "custom_sample",
                            "ranks": "domain|phylum|class|order|family|genus|species",
                            "taxonomy_db": "NCBI"
                        },
                        "test_sample_custom.bioboxes:md5,8b53819e28ce16584be04d41aac9088a"
                    ]
                ],
                "1": [
                    "versions.yml:md5,d1ab2723fcca801305f67709899d0c22"
                ],
                "bioboxes": [
                    [
                        {
                            "id": "test_sample_custom",
                            "sample_id": "custom_sample",
                            "ranks": "domain|phylum|class|order|family|genus|species",
                            "taxonomy_db": "NCBI"
                        },
                        "test_sample_custom.bioboxes:md5,8b53819e28ce16584be04d41aac9088a"
                    ]
                ],
                "versions": [
                    "versions.yml:md5,d1ab2723fcca801305f67709899d0c22"
                ]
            }
        ],
        "meta": {
            "nf-test": "0.9.3",
            "nextflow": "25.04.7"
        },
        "timestamp": "2025-11-03T23:06:47.003623"
    },
    "taxpasta to bioboxes - stub": {
        "content": [
            {
                "0": [
                    [
                        {
                            "id": "test_sample",
                            "sample_id": "test_1"
                        },
                        "test_sample.bioboxes:md5,d41d8cd98f00b204e9800998ecf8427e"
                    ]
                ],
                "1": [
                    "versions.yml:md5,d1ab2723fcca801305f67709899d0c22"
                ],
                "bioboxes": [
                    [
                        {
                            "id": "test_sample",
                            "sample_id": "test_1"
                        },
                        "test_sample.bioboxes:md5,d41d8cd98f00b204e9800998ecf8427e"
                    ]
                ],
                "versions": [
                    "versions.yml:md5,d1ab2723fcca801305f67709899d0c22"
                ]
            }
        ],
        "meta": {
            "nf-test": "0.9.3",
            "nextflow": "25.04.7"
        },
        "timestamp": "2025-11-03T23:07:26.068531"
    },
    "taxpasta to bioboxes - basic": {
        "content": [
            {
                "0": [
                    [
                        {
                            "id": "test_sample",
                            "sample_id": "test_1"
                        },
                        "test_sample.bioboxes:md5,62d38e6504ce05f0455d874db792a053"
                    ]
                ],
                "1": [
                    "versions.yml:md5,d1ab2723fcca801305f67709899d0c22"
                ],
                "bioboxes": [
                    [
                        {
                            "id": "test_sample",
                            "sample_id": "test_1"
                        },
                        "test_sample.bioboxes:md5,62d38e6504ce05f0455d874db792a053"
                    ]
                ],
                "versions": [
                    "versions.yml:md5,d1ab2723fcca801305f67709899d0c22"
                ]
            }
        ],
        "meta": {
            "nf-test": "0.9.3",
            "nextflow": "25.04.7"
        },
        "timestamp": "2025-11-03T23:05:56.871734"
    }
}