{
    "taxpasta to bioboxes - custom parameters": {
        "content": [
            {
                "0": [
                    [
                        {
                            "id": "test_sample_custom",
                            "sample_id": "custom_sample",
                            "ranks": "domain|phylum|class|order|family|genus|species",
                            "taxonomy_db": "NCBI"
                        },
                        "test_sample_custom.bioboxes:md5,128a54665f7b1ba9e7f96710272b0515"
                    ]
                ],
                "1": [
                    "versions.yml:md5,d594ba295b1d2625316ebf0baee4ba0c"
                ],
                "bioboxes": [
                    [
                        {
                            "id": "test_sample_custom",
                            "sample_id": "custom_sample",
                            "ranks": "domain|phylum|class|order|family|genus|species",
                            "taxonomy_db": "NCBI"
                        },
                        "test_sample_custom.bioboxes:md5,128a54665f7b1ba9e7f96710272b0515"
                    ]
                ],
                "versions": [
                    "versions.yml:md5,d594ba295b1d2625316ebf0baee4ba0c"
                ]
            }
        ],
        "meta": {
            "nf-test": "0.9.2",
            "nextflow": "25.04.7"
        },
        "timestamp": "2025-10-12T14:03:26.751288"
    },
    "taxpasta to bioboxes - stub": {
        "content": [
            {
                "0": [
                    [
                        {
                            "id": "test_sample",
                            "sample_id": "test_1"
                        },
                        "test_sample.bioboxes:md5,d41d8cd98f00b204e9800998ecf8427e"
                    ]
                ],
                "1": [
                    "versions.yml:md5,d594ba295b1d2625316ebf0baee4ba0c"
                ],
                "bioboxes": [
                    [
                        {
                            "id": "test_sample",
                            "sample_id": "test_1"
                        },
                        "test_sample.bioboxes:md5,d41d8cd98f00b204e9800998ecf8427e"
                    ]
                ],
                "versions": [
                    "versions.yml:md5,d594ba295b1d2625316ebf0baee4ba0c"
                ]
            }
        ],
        "meta": {
            "nf-test": "0.9.2",
            "nextflow": "25.04.7"
        },
        "timestamp": "2025-10-12T14:03:30.580603"
    },
    "taxpasta to bioboxes - basic": {
        "content": [
            {
                "0": [
                    [
                        {
                            "id": "test_sample",
                            "sample_id": "test_1"
                        },
                        "test_sample.bioboxes:md5,d624e770e47add96090d3f7b0899a128"
                    ]
                ],
                "1": [
                    "versions.yml:md5,d594ba295b1d2625316ebf0baee4ba0c"
                ],
                "bioboxes": [
                    [
                        {
                            "id": "test_sample",
                            "sample_id": "test_1"
                        },
                        "test_sample.bioboxes:md5,d624e770e47add96090d3f7b0899a128"
                    ]
                ],
                "versions": [
                    "versions.yml:md5,d594ba295b1d2625316ebf0baee4ba0c"
                ]
            }
        ],
        "meta": {
            "nf-test": "0.9.2",
            "nextflow": "25.04.7"
        },
        "timestamp": "2025-10-12T14:03:21.402731"
    }
}