{
    "taxpasta to bioboxes - custom parameters": {
        "content": [
            {
                "0": [
                    [
                        {
                            "id": "test_sample_custom",
                            "sample_id": "custom_sample",
                            "ranks": "domain|phylum|class|order|family|genus|species",
                            "taxonomy_db": "NCBI"
                        },
                        "test_sample_custom.bioboxes:md5,8b53819e28ce16584be04d41aac9088a"
                    ]
                ],
                "1": [
                    "versions.yml:md5,309889f7299c753d606f62a5d0fcd258"
                ],
                "bioboxes": [
                    [
                        {
                            "id": "test_sample_custom",
                            "sample_id": "custom_sample",
                            "ranks": "domain|phylum|class|order|family|genus|species",
                            "taxonomy_db": "NCBI"
                        },
                        "test_sample_custom.bioboxes:md5,8b53819e28ce16584be04d41aac9088a"
                    ]
                ],
                "versions": [
                    "versions.yml:md5,309889f7299c753d606f62a5d0fcd258"
                ]
            }
        ],
        "timestamp": "2026-06-23T15:51:44.990718",
        "meta": {
            "nf-test": "0.9.5",
            "nextflow": "26.04.0"
        }
    },
    "taxpasta to bioboxes - stub": {
        "content": [
            {
                "0": [
                    [
                        {
                            "id": "test_sample",
                            "sample_id": "test_1"
                        },
                        "test_sample.bioboxes:md5,d41d8cd98f00b204e9800998ecf8427e"
                    ]
                ],
                "1": [
                    "versions.yml:md5,94685a9f4954b21d204e2bbe42a74e66"
                ],
                "bioboxes": [
                    [
                        {
                            "id": "test_sample",
                            "sample_id": "test_1"
                        },
                        "test_sample.bioboxes:md5,d41d8cd98f00b204e9800998ecf8427e"
                    ]
                ],
                "versions": [
                    "versions.yml:md5,94685a9f4954b21d204e2bbe42a74e66"
                ]
            }
        ],
        "timestamp": "2026-06-23T15:51:50.517762",
        "meta": {
            "nf-test": "0.9.5",
            "nextflow": "26.04.0"
        }
    },
    "taxpasta to bioboxes - basic": {
        "content": [
            {
                "0": [
                    [
                        {
                            "id": "test_sample",
                            "sample_id": "test_1"
                        },
                        "test_sample.bioboxes:md5,62d38e6504ce05f0455d874db792a053"
                    ]
                ],
                "1": [
                    "versions.yml:md5,309889f7299c753d606f62a5d0fcd258"
                ],
                "bioboxes": [
                    [
                        {
                            "id": "test_sample",
                            "sample_id": "test_1"
                        },
                        "test_sample.bioboxes:md5,62d38e6504ce05f0455d874db792a053"
                    ]
                ],
                "versions": [
                    "versions.yml:md5,309889f7299c753d606f62a5d0fcd258"
                ]
            }
        ],
        "timestamp": "2026-06-23T15:51:38.79753",
        "meta": {
            "nf-test": "0.9.5",
            "nextflow": "26.04.0"
        }
    }
}